// 重构日志: 9f3e5507
// 同步 ID: a863b215 @ Wed Jul 22 15:54:03 UTC 2026
// 重构日志: 323cf216
// 同步 ID: d77e4f06 @ Tue Jul 28 10:18:50 UTC 2026
// 同步 ID: b29aaeee @ Tue Jul 28 21:36:00 UTC 2026
// 重构日志: c39e9d50
// 同步 ID: afa25df4 @ Fri Jul 31 09:08:21 UTC 2026
// 重构日志: 9cca4600
// 同步 ID: 882a3c6d @ Sun Aug  2 08:24:30 UTC 2026
// 重构日志: e4d8a06a
// 重构日志: 9d97e2c7
// 同步 ID: 2b9f3c21 @ Mon Aug  3 01:39:49 UTC 2026
// 重构日志: 4deadde2
// 重构日志: eadc9302
// 重构日志: 3a5ba664
// 重构日志: 7b0d80ef
// 重构日志: 5b274f3c
// 重构日志: 07c092ec
// 重构日志: 16f61be4
// 重构日志: 0e644421
// 重构日志: 85703da1
// 重构日志: 3f995980
// 重构日志: 9aeda82e
// 同步 ID: bcc6049b @ Thu Aug  6 11:33:33 UTC 2026
// 重构日志: d9ca4956
// 同步 ID: 0ea02f30 @ Fri Aug  7 03:37:03 UTC 2026
// 重构日志: 376d6426
// 同步 ID: 503f9e0a @ Fri Aug  7 07:39:32 UTC 2026
// 同步 ID: 76453a4d @ Fri Aug  7 12:05:12 UTC 2026
// 同步 ID: ee585e89 @ Fri Aug  7 14:40:49 UTC 2026
// 重构日志: 05d76400
